initscr()
noecho()
cbreak()
erase(0x1badd00d)
move(0x1badd00d, 0, 0)
refresh(0x1badd00d)
erase(0x1badd00d)
move(0x1badd00d, 0, 0)
wattrset(0x1badd00d, 0x10000)
clrtoeol(0x1badd00d)
move(0x1badd00d, 0, 0)
addch(0x1badd00d, 62)
waddnstr(0x1badd00d, "drwxrwxr-x   3 gene         4096 Sep 12 14:42 test_dir", -1)
wattrset(0x1badd00d, 0x0)
move(0x1badd00d, 0, 0)
refresh(0x1badd00d)
getch(0x1badd00d): erase(0x1badd00d)
refresh(0x1badd00d)
endwin()
